Microchip MPLAB XC8 Compiler V2.00 ()

Linker command line:

-W-3 --edf=/Applications/microchip/xc8/v2.00/pic/dat/en_msgs.txt -cs \
  -h+dist/default/production/Rover.X.production.sym \
  --cmf=dist/default/production/Rover.X.production.cmf -z -Q18F4550 \
  -o/tmp/xcVoB8Hce --defsym=__MPLAB_BUILD=1 \
  -Mdist/default/production/Rover.X.production.map -E1 -ver=XC8 \
  --acfsm=1493 -ASTACK=0ACh-07ffh -pstack=STACK -ACODE=00h-07FFFh \
  -ACONST=00h-07FFFh -ASMALLCONST=0800h-08FFhx120 \
  -AMEDIUMCONST=0800h-07FFFh -ACOMRAM=01h-05Fh -AABS1=00h-07FFh \
  -ABIGRAM=01h-07FFh -ARAM=060h-0FFh,0100h-01FFhx7 -ABANK0=060h-0FFh \
  -ABANK1=0100h-01FFh -ABANK2=0200h-02FFh -ABANK3=0300h-03FFh \
  -ABANK4=0400h-04FFh -ABANK5=0500h-05FFh -ABANK6=0600h-06FFh \
  -ABANK7=0700h-07FFh -ASFR=0F60h-0FFFh \
  -preset_vec=00h,intcode,intcodelo,powerup,init -pramtop=0800h \
  -psmallconst=SMALLCONST -pmediumconst=MEDIUMCONST -pconst=CONST \
  -AFARRAM=00h-00h -ACONFIG=0300000h-030000Dh -pconfig=CONFIG \
  -AIDLOC=0200000h-0200007h -pidloc=IDLOC -AEEDATA=0F00000h-0F000FFh \
  -peeprom_data=EEDATA \
  -prdata=COMRAM,nvrram=COMRAM,nvbit=COMRAM,rbss=COMRAM,rbit=COMRAM \
  -pfarbss=FARRAM,fardata=FARRAM,nvFARRAM=FARRAM \
  -pintsave_regs=BIGRAM,bigbss=BIGRAM,bigdata=BIGRAM -pbss=RAM \
  -pidata=CODE,irdata=CODE,ibigdata=CODE,ifardata=CODE -prparam=COMRAM \
  /tmp/xcqblOrW3.o dist/default/production/Rover.X.production.o 

Object code version is 3.11

Machine type is 18F4550

Call graph: (short form)




                Name                               Link     Load   Length Selector   Space Scale
/tmp/xcqblOrW3.o
                init                                  0        0        4        0       0
                idloc                            200000   200000        8   200000       0
                config                           300000   300000        E   300000       0
dist/default/production/Rover.X.production.o
                smallconst                          800      800       48      400       0
                text32                             22A8     22A8       74      424       0
                text31                             2530     2530       4C      424       0
                text30                             2602     2602       30      424       0
                text29                              848      848      584      424       0
                text28                              DCC      DCC      420      424       0
                text27                             1794     1794      152      424       0
                text26                             1412     1412      1DC      424       0
                text25                             2114     2114       94      424       0
                text24                             2650     2650       1E      424       0
                text23                             2632     2632       1E      424       0
                text22                             25C4     25C4       3E      424       0
                text21                             24E4     24E4       4C      424       0
                text20                             2382     2382       66      424       0
                text19                             257C     257C       48      424       0
                text18                             21A8     21A8       88      424       0
                text17                             2230     2230       78      424       0
                text16                             19F4     19F4      104      424       0
                text15                             1AF8     1AF8       E4      424       0
                text14                             2684     2684        2      424       0
                text13                             1BDC     1BDC       DE      424       0
                text12                             2498     2498       4C      424       0
                text11                             2446     2446       52      424       0
                text10                             1CBA     1CBA       D6      424       0
                text9                              11EC     11EC      226      424       0
                text8                              15EE     15EE      1A6      424       0
                text7                              231C     231C       66      424       0
                text6                              23E8     23E8       5E      424       0
                text5                              1D90     1D90       C4      424       0
                text4                              2064     2064       B0      424       0
                text3                              1FB4     1FB4       B0      424       0
                text2                              1F04     1F04       B0      424       0
                text1                              1E54     1E54       B0      424       0
                text0                              18E6     18E6      10E      424       0
                cstackCOMRAM                          1        1       5F        1       1
                cstackBANK0                          88       88       24       60       1
                bssBANK0                             60       60       28       60       1
                cinit                              266E     266E       16      424       0

TOTAL           Name                               Link     Load   Length     Space
        CLASS   STACK          

        CLASS   CODE           
                init                                  0        0        4         0
                text32                             22A8     22A8       74         0
                text31                             2530     2530       4C         0
                text30                             2602     2602       30         0
                text29                              848      848      584         0
                text28                              DCC      DCC      420         0
                text27                             1794     1794      152         0
                text26                             1412     1412      1DC         0
                text25                             2114     2114       94         0
                text24                             2650     2650       1E         0
                text23                             2632     2632       1E         0
                text22                             25C4     25C4       3E         0
                text21                             24E4     24E4       4C         0
                text20                             2382     2382       66         0
                text19                             257C     257C       48         0
                text18                             21A8     21A8       88         0
                text17                             2230     2230       78         0
                text16                             19F4     19F4      104         0
                text15                             1AF8     1AF8       E4         0
                text14                             2684     2684        2         0
                text13                             1BDC     1BDC       DE         0
                text12                             2498     2498       4C         0
                text11                             2446     2446       52         0
                text10                             1CBA     1CBA       D6         0
                text9                              11EC     11EC      226         0
                text8                              15EE     15EE      1A6         0
                text7                              231C     231C       66         0
                text6                              23E8     23E8       5E         0
                text5                              1D90     1D90       C4         0
                text4                              2064     2064       B0         0
                text3                              1FB4     1FB4       B0         0
                text2                              1F04     1F04       B0         0
                text1                              1E54     1E54       B0         0
                text0                              18E6     18E6      10E         0
                cinit                              266E     266E       16         0

        CLASS   CONST          

        CLASS   SMALLCONST     
                smallconst                          800      800       48         0

        CLASS   MEDIUMCONST    

        CLASS   COMRAM         
                cstackCOMRAM                          1        1       5F         1

        CLASS   ABS1           

        CLASS   BIGRAM         

        CLASS   RAM            

        CLASS   BANK0          
                cstackBANK0                          88       88       24         1
                bssBANK0                             60       60       28         1

        CLASS   BANK1          

        CLASS   BANK2          

        CLASS   BANK3          

        CLASS   BANK4          

        CLASS   BANK5          

        CLASS   BANK6          

        CLASS   BANK7          

        CLASS   SFR            

        CLASS   FARRAM         

        CLASS   CONFIG         
                config                           300000   300000        E         0

        CLASS   IDLOC          
                idloc                            200000   200000        8         0

        CLASS   EEDATA         



SEGMENTS        Name                           Load    Length   Top    Selector   Space  Class

                reset_vec                      000000  000004  000004         0       0  CODE    
                cstackCOMRAM                   000001  00005F  000060         1       1  COMRAM  
                bssBANK0                       000060  00004C  0000AC        60       1  BANK0   
                smallconst                     000800  000048  000848       400       0  SMALLCON
                text29                         000848  001E3E  002686       424       0  CODE    
                idloc                          200000  000008  200008    200000       0  IDLOC   
                config                         300000  00000E  30000E    300000       0  CONFIG  


UNUSED ADDRESS RANGES

        Name                Unused          Largest block    Delta
        BANK0            0000AC-0000FF               54
        BANK1            000100-0001FF              100
        BANK2            000200-0002FF              100
        BANK3            000300-0003FF              100
        BANK4            000400-0004FF              100
        BANK5            000500-0005FF              100
        BANK6            000600-0006FF              100
        BANK7            000700-0007FF              100
        BIGRAM           0000AC-0007FF              754
        CODE             000004-0007FF              7FC
                         002686-007FFF             597A
        CONST            000004-0007FF              7FC
                         002686-007FFF             597A
        EEDATA           F00000-F000FF              100
        MEDIUMCONST      002686-007FFF             597A
        RAM              0000AC-0007FF              100
        SFR              000F60-000FFF               A0
        SMALLCONST       002686-007FFF              100
        STACK            0000AC-0007FF              754

                                  Symbol Table

?___fladd                    cstackCOMRAM 000028
?___fldiv                    cstackCOMRAM 00000F
?___fltol                    cstackCOMRAM 000001
?___lodiv                    cstackCOMRAM 000001
?___lomod                    cstackCOMRAM 000001
?___lwdiv                    cstackCOMRAM 000001
?___lwmod                    cstackCOMRAM 000001
?___xxtofl                   cstackCOMRAM 000001
?_pad                        cstackCOMRAM 000011
?_sprintf                    cstackCOMRAM 000056
?_strlen                     cstackCOMRAM 000001
?_utoa                       cstackCOMRAM 00001C
?_vfpfcnvrt                  cstackCOMRAM 00003C
?_vfprintf                   cstackCOMRAM 00004E
BinToASCII@d1                cstackBANK0  00009C
BinToASCII@d2                cstackBANK0  00009E
BinToASCII@d3                cstackBANK0  0000A0
BinToASCII@dg1               cstackBANK0  000094
BinToASCII@dg2               cstackBANK0  000095
BinToASCII@dg3               cstackBANK0  000096
BinToASCII@str               cstackBANK0  000097
BinToASCII@value             cstackBANK0  000092
BinToASCII@x                 cstackBANK0  00009A
LCD_Char@dat                 cstackCOMRAM 000008
LCD_Command@cmd              cstackCOMRAM 000008
LCD_String@msg               cstackCOMRAM 000009
LCD_String_xy@location       cstackCOMRAM 00000F
LCD_String_xy@msg            cstackCOMRAM 00000C
LCD_String_xy@pos            cstackCOMRAM 00000B
LCD_String_xy@row            cstackCOMRAM 00000E
MSdelay@i                    cstackCOMRAM 000003
MSdelay@j                    cstackCOMRAM 000005
MSdelay@val                  cstackCOMRAM 000001
USART_Init@baud_rate         cstackCOMRAM 00003C
USART_Init@temp              cstackCOMRAM 000040
USART_SendString@out         cstackCOMRAM 000002
USART_TransmitChar@out       cstackCOMRAM 000001
_BinToASCII                  text5        001D90
_INTCONbits                  (abs)        000FF2
_LATD                        (abs)        000F8C
_LATD0                       (abs)        007C60
_LATD1                       (abs)        007C61
_LCD_Char                    text21       0024E4
_LCD_Command                 text31       002530
_LCD_Init                    text30       002602
_LCD_String                  text20       002382
_LCD_String_xy               text19       00257C
_MSdelay                     text32       0022A8
_OSCCON                      (abs)        000FD3
_PORTB                       (abs)        000F81
_PORTC                       (abs)        000F82
_PORTCbits                   (abs)        000F82
_PORTD                       (abs)        000F83
_PORTDbits                   (abs)        000F83
_RCIF                        (abs)        007CF5
_RCREG                       (abs)        000FAE
_RCSTA                       (abs)        000FAB
_SPBRG                       (abs)        000FAF
_T0CON                       (abs)        000FD5
_T0CONbits                   (abs)        000FD5
_TMR0H                       (abs)        000FD7
_TMR0L                       (abs)        000FD6
_TRISAbits                   (abs)        000F92
_TRISB                       (abs)        000F93
_TRISC6                      (abs)        007CA6
_TRISC7                      (abs)        007CA7
_TRISD                       (abs)        000F95
_TXIF                        (abs)        007CF4
_TXREG                       (abs)        000FAD
_TXSTA                       (abs)        000FAC
_USART_Init                  text25       002114
_USART_ReceiveChar           text24       002650
_USART_SendString            text22       0025C4
_USART_TransmitChar          text23       002632
__CFG_FCMEN$ON               (abs)        000000
__CFG_IESO$OFF               (abs)        000000
__CFG_LVP$OFF                (abs)        000000
__CFG_MCLRE$OFF              (abs)        000000
__CFG_PBADEN$OFF             (abs)        000000
__CFG_WDT$OFF                (abs)        000000
__HRAM                       (abs)        000000
__Habs1                      abs1         000000
__Hbank0                     bank0        000000
__Hbank1                     bank1        000000
__Hbank2                     bank2        000000
__Hbank3                     bank3        000000
__Hbank4                     bank4        000000
__Hbank5                     bank5        000000
__Hbank6                     bank6        000000
__Hbank7                     bank7        000000
__Hbigbss                    bigbss       000000
__Hbigdata                   bigdata      000000
__Hbigram                    bigram       000000
__Hbss                       bss          000000
__HbssBANK0                  bssBANK0     000000
__Hcinit                     cinit        000000
__Hclrtext                   clrtext      000000
__Hcomram                    comram       000000
__Hconfig                    config       30000E
__Hconst                     const        000000
__HcstackBANK0               cstackBANK0  000000
__HcstackCOMRAM              cstackCOMRAM 000000
__Hdata                      data         000000
__Heeprom_data               eeprom_data  000000
__Hfarbss                    farbss       000000
__Hfardata                   fardata      000000
__Hibigdata                  ibigdata     000000
__Hidata                     idata        000000
__Hidloc                     idloc        200008
__Hifardata                  ifardata     000000
__Hinit                      init         000004
__Hintcode                   intcode      000000
__Hintcode_body              intcode_body 000000
__Hintcodelo                 intcodelo    000000
__Hintentry                  intentry     000000
__Hintret                    intret       000000
__Hintsave_regs              intsave_regs 000000
__Hirdata                    irdata       000000
__Hmediumconst               mediumconst  000000
__HnvFARRAM                  nvFARRAM     000000
__Hnvbit                     nvbit        000000
__Hnvrram                    nvrram       000000
__Hparam                     rparam       000000
__Hpowerup                   powerup      000000
__Hram                       ram          000000
__Hramtop                    ramtop       000800
__Hrbit                      rbit         000000
__Hrbss                      rbss         000000
__Hrdata                     rdata        000000
__Hreset_vec                 reset_vec    000000
__Hrparam                    rparam       000000
__Hsfr                       sfr          000000
__Hsmallconst                smallconst   000848
__Hspace_0                   (abs)        30000E
__Hspace_1                   (abs)        0000AC
__Hspace_2                   (abs)        000000
__Hstack                     stack        000000
__Hstruct                    struct       000000
__Htemp                      temp         000000
__Htext                      text         000000
__Htext0                     text0        000000
__Htext1                     text1        000000
__Htext10                    text10       000000
__Htext11                    text11       000000
__Htext12                    text12       000000
__Htext13                    text13       000000
__Htext14                    text14       000000
__Htext15                    text15       000000
__Htext16                    text16       000000
__Htext17                    text17       000000
__Htext18                    text18       000000
__Htext19                    text19       000000
__Htext2                     text2        000000
__Htext20                    text20       000000
__Htext21                    text21       000000
__Htext22                    text22       000000
__Htext23                    text23       000000
__Htext24                    text24       000000
__Htext25                    text25       000000
__Htext26                    text26       000000
__Htext27                    text27       000000
__Htext28                    text28       000000
__Htext29                    text29       000000
__Htext3                     text3        000000
__Htext30                    text30       000000
__Htext31                    text31       000000
__Htext32                    text32       000000
__Htext4                     text4        000000
__Htext5                     text5        000000
__Htext6                     text6        000000
__Htext7                     text7        000000
__Htext8                     text8        000000
__Htext9                     text9        000000
__LRAM                       (abs)        000001
__Labs1                      abs1         000000
__Lbank0                     bank0        000000
__Lbank1                     bank1        000000
__Lbank2                     bank2        000000
__Lbank3                     bank3        000000
__Lbank4                     bank4        000000
__Lbank5                     bank5        000000
__Lbank6                     bank6        000000
__Lbank7                     bank7        000000
__Lbigbss                    bigbss       000000
__Lbigdata                   bigdata      000000
__Lbigram                    bigram       000000
__Lbss                       bss          000000
__LbssBANK0                  bssBANK0     000000
__Lcinit                     cinit        000000
__Lclrtext                   clrtext      000000
__Lcomram                    comram       000000
__Lconfig                    config       300000
__Lconst                     const        000000
__LcstackBANK0               cstackBANK0  000000
__LcstackCOMRAM              cstackCOMRAM 000000
__Ldata                      data         000000
__Leeprom_data               eeprom_data  000000
__Lfarbss                    farbss       000000
__Lfardata                   fardata      000000
__Libigdata                  ibigdata     000000
__Lidata                     idata        000000
__Lidloc                     idloc        200000
__Lifardata                  ifardata     000000
__Linit                      init         000000
__Lintcode                   intcode      000000
__Lintcode_body              intcode_body 000000
__Lintcodelo                 intcodelo    000000
__Lintentry                  intentry     000000
__Lintret                    intret       000000
__Lintsave_regs              intsave_regs 000000
__Lirdata                    irdata       000000
__Lmediumconst               mediumconst  000000
__LnvFARRAM                  nvFARRAM     000000
__Lnvbit                     nvbit        000000
__Lnvrram                    nvrram       000000
__Lparam                     rparam       000000
__Lpowerup                   powerup      000000
__Lram                       ram          000000
__Lramtop                    ramtop       000800
__Lrbit                      rbit         000000
__Lrbss                      rbss         000000
__Lrdata                     rdata        000000
__Lreset_vec                 reset_vec    000000
__Lrparam                    rparam       000000
__Lsfr                       sfr          000000
__Lsmallconst                smallconst   000800
__Lspace_0                   (abs)        000000
__Lspace_1                   (abs)        000000
__Lspace_2                   (abs)        000000
__Lstack                     stack        000000
__Lstruct                    struct       000000
__Ltemp                      temp         000000
__Ltext                      text         000000
__Ltext0                     text0        000000
__Ltext1                     text1        000000
__Ltext10                    text10       000000
__Ltext11                    text11       000000
__Ltext12                    text12       000000
__Ltext13                    text13       000000
__Ltext14                    text14       000000
__Ltext15                    text15       000000
__Ltext16                    text16       000000
__Ltext17                    text17       000000
__Ltext18                    text18       000000
__Ltext19                    text19       000000
__Ltext2                     text2        000000
__Ltext20                    text20       000000
__Ltext21                    text21       000000
__Ltext22                    text22       000000
__Ltext23                    text23       000000
__Ltext24                    text24       000000
__Ltext25                    text25       000000
__Ltext26                    text26       000000
__Ltext27                    text27       000000
__Ltext28                    text28       000000
__Ltext29                    text29       000000
__Ltext3                     text3        000000
__Ltext30                    text30       000000
__Ltext31                    text31       000000
__Ltext32                    text32       000000
__Ltext4                     text4        000000
__Ltext5                     text5        000000
__Ltext6                     text6        000000
__Ltext7                     text7        000000
__Ltext8                     text8        000000
__Ltext9                     text9        000000
__S0                         (abs)        30000E
__S1                         (abs)        0000AC
__S2                         (abs)        000000
___fladd                     text29       000848
___fladd@a                   cstackCOMRAM 00002C
___fladd@aexp                cstackCOMRAM 000039
___fladd@b                   cstackCOMRAM 000028
___fladd@bexp                cstackCOMRAM 00003A
___fladd@grs                 cstackCOMRAM 00003B
___fladd@signs               cstackCOMRAM 000038
___fldiv                     text28       000DCC
___fldiv@a                   cstackCOMRAM 000013
___fldiv@aexp                cstackCOMRAM 000027
___fldiv@b                   cstackCOMRAM 00000F
___fldiv@bexp                cstackCOMRAM 000026
___fldiv@grs                 cstackCOMRAM 000022
___fldiv@new_exp             cstackCOMRAM 000020
___fldiv@rem                 cstackCOMRAM 00001B
___fldiv@sign                cstackCOMRAM 00001F
___fltol                     text27       001794
___fltol@exp1                cstackCOMRAM 00000A
___fltol@f1                  cstackCOMRAM 000001
___fltol@sign1               cstackCOMRAM 000009
___inthi_sp                  stack        000000
___intlo_sp                  stack        000000
___lodiv                     text16       0019F4
___lodiv@counter             cstackCOMRAM 000019
___lodiv@dividend            cstackCOMRAM 000001
___lodiv@divisor             cstackCOMRAM 000009
___lodiv@quotient            cstackCOMRAM 000011
___lomod                     text15       001AF8
___lomod@counter             cstackCOMRAM 000011
___lomod@dividend            cstackCOMRAM 000001
___lomod@divisor             cstackCOMRAM 000009
___lwdiv                     text18       0021A8
___lwdiv@counter             cstackCOMRAM 000007
___lwdiv@dividend            cstackCOMRAM 000001
___lwdiv@divisor             cstackCOMRAM 000003
___lwdiv@quotient            cstackCOMRAM 000005
___lwmod                     text17       002230
___lwmod@counter             cstackCOMRAM 000005
___lwmod@dividend            cstackCOMRAM 000001
___lwmod@divisor             cstackCOMRAM 000003
___param_bank                (abs)        000000
___rparam_used               (abs)        000001
___sp                        stack        000000
___xxtofl                    text26       001412
___xxtofl@arg                cstackCOMRAM 00000B
___xxtofl@exp                cstackCOMRAM 00000A
___xxtofl@sign               cstackCOMRAM 000009
___xxtofl@val                cstackCOMRAM 000001
__accesstop                  (abs)        000060
__activetblptr               (abs)        000002
__end_of_BinToASCII          text5        001E54
__end_of_LCD_Char            text21       002530
__end_of_LCD_Command         text31       00257C
__end_of_LCD_Init            text30       002632
__end_of_LCD_String          text20       0023E8
__end_of_LCD_String_xy       text19       0025C4
__end_of_MSdelay             text32       00231C
__end_of_USART_Init          text25       0021A8
__end_of_USART_ReceiveChar   text24       00266E
__end_of_USART_SendString    text22       002602
__end_of_USART_TransmitChar  text23       002650
__end_of___fladd             text29       000DCC
__end_of___fldiv             text28       0011EC
__end_of___fltol             text27       0018E6
__end_of___lodiv             text16       001AF8
__end_of___lomod             text15       001BDC
__end_of___lwdiv             text18       002230
__end_of___lwmod             text17       0022A8
__end_of___xxtofl            text26       0015EE
__end_of__initialization     cinit        00267A
__end_of_backward            text4        002114
__end_of_forward             text3        002064
__end_of_fputc               text13       001CBA
__end_of_fputs               text12       0024E4
__end_of_left                text2        001FB4
__end_of_main                text0        0019F4
__end_of_pad                 text10       001D90
__end_of_putch               text14       002686
__end_of_right               text1        001F04
__end_of_sprintf             text6        002446
__end_of_strlen              text11       002498
__end_of_utoa                text9        001412
__end_of_vfpfcnvrt           text8        001794
__end_of_vfprintf            text7        002382
__initialization             cinit        00266E
__mediumconst                mediumconst  000000
__pbssBANK0                  bssBANK0     000060
__pcinit                     cinit        00266E
__pcstackBANK0               cstackBANK0  000088
__pcstackCOMRAM              cstackCOMRAM 000001
__psmallconst                smallconst   000800
__ptext0                     text0        0018E6
__ptext1                     text1        001E54
__ptext10                    text10       001CBA
__ptext11                    text11       002446
__ptext12                    text12       002498
__ptext13                    text13       001BDC
__ptext14                    text14       002684
__ptext15                    text15       001AF8
__ptext16                    text16       0019F4
__ptext17                    text17       002230
__ptext18                    text18       0021A8
__ptext19                    text19       00257C
__ptext2                     text2        001F04
__ptext20                    text20       002382
__ptext21                    text21       0024E4
__ptext22                    text22       0025C4
__ptext23                    text23       002632
__ptext24                    text24       002650
__ptext25                    text25       002114
__ptext26                    text26       001412
__ptext27                    text27       001794
__ptext28                    text28       000DCC
__ptext29                    text29       000848
__ptext3                     text3        001FB4
__ptext30                    text30       002602
__ptext31                    text31       002530
__ptext32                    text32       0022A8
__ptext4                     text4        002064
__ptext5                     text5        001D90
__ptext6                     text6        0023E8
__ptext7                     text7        00231C
__ptext8                     text8        0015EE
__ptext9                     text9        0011EC
__ramtop                     ramtop       000800
__size_of_BinToASCII         (abs)        000000
__size_of_LCD_Char           (abs)        000000
__size_of_LCD_Command        (abs)        000000
__size_of_LCD_Init           (abs)        000000
__size_of_LCD_String         (abs)        000000
__size_of_LCD_String_xy      (abs)        000000
__size_of_MSdelay            (abs)        000000
__size_of_USART_Init         (abs)        000000
__size_of_USART_ReceiveChar  (abs)        000000
__size_of_USART_SendString   (abs)        000000
__size_of_USART_TransmitChar (abs)        000000
__size_of___fladd            (abs)        000000
__size_of___fldiv            (abs)        000000
__size_of___fltol            (abs)        000000
__size_of___lodiv            (abs)        000000
__size_of___lomod            (abs)        000000
__size_of___lwdiv            (abs)        000000
__size_of___lwmod            (abs)        000000
__size_of___xxtofl           (abs)        000000
__size_of_backward           (abs)        000000
__size_of_forward            (abs)        000000
__size_of_fputc              (abs)        000000
__size_of_fputs              (abs)        000000
__size_of_left               (abs)        000000
__size_of_main               (abs)        000000
__size_of_pad                (abs)        000000
__size_of_putch              (abs)        000000
__size_of_right              (abs)        000000
__size_of_sprintf            (abs)        000000
__size_of_strlen             (abs)        000000
__size_of_utoa               (abs)        000000
__size_of_vfpfcnvrt          (abs)        000000
__size_of_vfprintf           (abs)        000000
__smallconst                 smallconst   000800
_backward                    text4        002064
_dbuf                        bssBANK0     000068
_flags                       bssBANK0     000066
_forward                     text3        001FB4
_fputc                       text13       001BDC
_fputs                       text12       002498
_left                        text2        001F04
_main                        text0        0018E6
_nout                        bssBANK0     000060
_pad                         text10       001CBA
_prec                        bssBANK0     000064
_putch                       text14       002684
_right                       text1        001E54
_sprintf                     text6        0023E8
_strlen                      text11       002446
_utoa                        text9        0011EC
_vfpfcnvrt                   text8        0015EE
_vfprintf                    text7        00231C
_width                       bssBANK0     000062
backward@counter             cstackBANK0  0000A6
backward@temp                cstackBANK0  0000A8
backward@times               cstackBANK0  0000A2
backward@value               cstackBANK0  0000A9
end_of_initialization        cinit        00267A
forward@counter              cstackBANK0  0000A6
forward@temp                 cstackBANK0  0000A8
forward@times                cstackBANK0  0000A2
forward@value                cstackBANK0  0000A9
fputc@c                      cstackCOMRAM 000001
fputc@fp                     cstackCOMRAM 000003
fputs@c                      cstackCOMRAM 00000E
fputs@fp                     cstackCOMRAM 00000C
fputs@i                      cstackCOMRAM 00000F
fputs@s                      cstackCOMRAM 00000A
intlevel0                    text         000000
intlevel1                    text         000000
intlevel2                    text         000000
intlevel3                    text         000000
left@counter                 cstackBANK0  0000A4
left@temp                    cstackBANK0  0000A6
left@value                   cstackBANK0  0000A7
main@data_in                 cstackBANK0  0000AB
pad@buf                      cstackCOMRAM 000013
pad@fp                       cstackCOMRAM 000011
pad@i                        cstackCOMRAM 000018
pad@p                        cstackCOMRAM 000015
pad@w                        cstackCOMRAM 00001A
right@counter                cstackBANK0  0000A4
right@temp                   cstackBANK0  0000A6
right@value                  cstackBANK0  0000A7
sprintf@ap                   cstackBANK0  00008A
sprintf@f                    cstackBANK0  00008C
sprintf@fmt                  cstackCOMRAM 000058
sprintf@ret                  cstackBANK0  000088
sprintf@s                    cstackCOMRAM 000056
stackhi                      (abs)        0007FF
stacklo                      (abs)        0000AC
start                        init         000000
start_initialization         cinit        00266E
strlen@a                     cstackCOMRAM 000005
strlen@s                     cstackCOMRAM 000001
utoa@d                       cstackCOMRAM 00001E
utoa@fp                      cstackCOMRAM 00001C
utoa@i                       cstackCOMRAM 00003A
utoa@n                       cstackCOMRAM 000032
utoa@p                       cstackCOMRAM 00002E
utoa@w                       cstackCOMRAM 000030
vfpfcnvrt@ap                 cstackCOMRAM 000040
vfpfcnvrt@fmt                cstackCOMRAM 00003E
vfpfcnvrt@fp                 cstackCOMRAM 00003C
vfpfcnvrt@llu                cstackCOMRAM 000046
vfprintf@ap                  cstackCOMRAM 000052
vfprintf@cfmt                cstackCOMRAM 000054
vfprintf@fmt                 cstackCOMRAM 000050
vfprintf@fp                  cstackCOMRAM 00004E


FUNCTION INFORMATION:

 *************** function _main *****************
 Defined at:
		line 378 in file "rover.c"
 Parameters:    Size  Location     Type
		None
 Auto vars:     Size  Location     Type
  data_in         1   35[BANK0 ] unsigned char 
 Return value:  Size  Location     Type
                  1    wreg      void 
 Registers used:
		wreg, fsr1l, fsr1h, fsr2l, fsr2h, status,2, status,0, tblptrl, tblptrh, tblptru, cstack
 Tracked objects:
		On entry : 
		On exit  : 
		Unchanged: 
 Data sizes:     COMRAM   BANK0   BANK1   BANK2   BANK3   BANK4   BANK5   BANK6   BANK7
      Params:         0       0       0       0       0       0       0       0       0
      Locals:         0       1       0       0       0       0       0       0       0
      Temps:          0       0       0       0       0       0       0       0       0
      Totals:         0       1       0       0       0       0       0       0       0
Total ram usage:        1 bytes
 Hardware stack levels required when called:   10
 This function calls:
		_LCD_Init
		_MSdelay
		_USART_Init
		_USART_ReceiveChar
		_USART_SendString
		_backward
		_forward
		_left
		_right
 This function is called by:
		Startup code after reset
 This function uses a non-reentrant model


 *************** function _right *****************
 Defined at:
		line 184 in file "rover.c"
 Parameters:    Size  Location     Type
		None
 Auto vars:     Size  Location     Type
  value           2   31[BANK0 ] int 
  counter         2   28[BANK0 ] int 
  temp            1   30[BANK0 ] unsigned char 
 Return value:  Size  Location     Type
                  1    wreg      void 
 Registers used:
		wreg, fsr1l, fsr1h, fsr2l, fsr2h, status,2, status,0, tblptrl, tblptrh, tblptru, cstack
 Tracked objects:
		On entry : 
		On exit  : 
		Unchanged: 
 Data sizes:     COMRAM   BANK0   BANK1   BANK2   BANK3   BANK4   BANK5   BANK6   BANK7
      Params:         0       0       0       0       0       0       0       0       0
      Locals:         0       5       0       0       0       0       0       0       0
      Temps:          0       2       0       0       0       0       0       0       0
      Totals:         0       7       0       0       0       0       0       0       0
Total ram usage:        7 bytes
 Hardware stack levels used:    1
 Hardware stack levels required when called:    9
 This function calls:
		_BinToASCII
		_LCD_String_xy
 This function is called by:
		_main
 This function uses a non-reentrant model


 *************** function _left *****************
 Defined at:
		line 232 in file "rover.c"
 Parameters:    Size  Location     Type
		None
 Auto vars:     Size  Location     Type
  value           2   31[BANK0 ] int 
  counter         2   28[BANK0 ] int 
  temp            1   30[BANK0 ] unsigned char 
 Return value:  Size  Location     Type
                  1    wreg      void 
 Registers used:
		wreg, fsr1l, fsr1h, fsr2l, fsr2h, status,2, status,0, tblptrl, tblptrh, tblptru, cstack
 Tracked objects:
		On entry : 
		On exit  : 
		Unchanged: 
 Data sizes:     COMRAM   BANK0   BANK1   BANK2   BANK3   BANK4   BANK5   BANK6   BANK7
      Params:         0       0       0       0       0       0       0       0       0
      Locals:         0       5       0       0       0       0       0       0       0
      Temps:          0       2       0       0       0       0       0       0       0
      Totals:         0       7       0       0       0       0       0       0       0
Total ram usage:        7 bytes
 Hardware stack levels used:    1
 Hardware stack levels required when called:    9
 This function calls:
		_BinToASCII
		_LCD_String_xy
 This function is called by:
		_main
 This function uses a non-reentrant model


 *************** function _forward *****************
 Defined at:
		line 283 in file "rover.c"
 Parameters:    Size  Location     Type
  times           2   26[BANK0 ] int 
 Auto vars:     Size  Location     Type
  value           2   33[BANK0 ] int 
  counter         2   30[BANK0 ] int 
  temp            1   32[BANK0 ] unsigned char 
 Return value:  Size  Location     Type
                  1    wreg      void 
 Registers used:
		wreg, fsr1l, fsr1h, fsr2l, fsr2h, status,2, status,0, tblptrl, tblptrh, tblptru, cstack
 Tracked objects:
		On entry : 
		On exit  : 
		Unchanged: 
 Data sizes:     COMRAM   BANK0   BANK1   BANK2   BANK3   BANK4   BANK5   BANK6   BANK7
      Params:         0       2       0       0       0       0       0       0       0
      Locals:         0       5       0       0       0       0       0       0       0
      Temps:          0       2       0       0       0       0       0       0       0
      Totals:         0       9       0       0       0       0       0       0       0
Total ram usage:        9 bytes
 Hardware stack levels used:    1
 Hardware stack levels required when called:    9
 This function calls:
		_BinToASCII
		_LCD_String_xy
 This function is called by:
		_main
 This function uses a non-reentrant model


 *************** function _backward *****************
 Defined at:
		line 331 in file "rover.c"
 Parameters:    Size  Location     Type
  times           2   26[BANK0 ] int 
 Auto vars:     Size  Location     Type
  value           2   33[BANK0 ] int 
  counter         2   30[BANK0 ] int 
  temp            1   32[BANK0 ] unsigned char 
 Return value:  Size  Location     Type
                  1    wreg      void 
 Registers used:
		wreg, fsr1l, fsr1h, fsr2l, fsr2h, status,2, status,0, tblptrl, tblptrh, tblptru, cstack
 Tracked objects:
		On entry : 
		On exit  : 
		Unchanged: 
 Data sizes:     COMRAM   BANK0   BANK1   BANK2   BANK3   BANK4   BANK5   BANK6   BANK7
      Params:         0       2       0       0       0       0       0       0       0
      Locals:         0       5       0       0       0       0       0       0       0
      Temps:          0       2       0       0       0       0       0       0       0
      Totals:         0       9       0       0       0       0       0       0       0
Total ram usage:        9 bytes
 Hardware stack levels used:    1
 Hardware stack levels required when called:    9
 This function calls:
		_BinToASCII
		_LCD_String_xy
 This function is called by:
		_main
 This function uses a non-reentrant model


 *************** function _BinToASCII *****************
 Defined at:
		line 162 in file "rover.c"
 Parameters:    Size  Location     Type
  value           2   10[BANK0 ] unsigned int 
 Auto vars:     Size  Location     Type
  str             3   15[BANK0 ] unsigned char [3]
  buffer          3    0        unsigned char [3]
  d3              2   24[BANK0 ] unsigned int 
  d2              2   22[BANK0 ] unsigned int 
  d1              2   20[BANK0 ] unsigned int 
  x               2   18[BANK0 ] unsigned int 
  dg3             1   14[BANK0 ] unsigned char 
  dg2             1   13[BANK0 ] unsigned char 
  dg1             1   12[BANK0 ] unsigned char 
 Return value:  Size  Location     Type
                  1    wreg      void 
 Registers used:
		wreg, fsr1l, fsr1h, fsr2l, fsr2h, status,2, status,0, tblptrl, tblptrh, tblptru, cstack
 Tracked objects:
		On entry : 
		On exit  : 
		Unchanged: 
 Data sizes:     COMRAM   BANK0   BANK1   BANK2   BANK3   BANK4   BANK5   BANK6   BANK7
      Params:         0       2       0       0       0       0       0       0       0
      Locals:         0      14       0       0       0       0       0       0       0
      Temps:          0       0       0       0       0       0       0       0       0
      Totals:         0      16       0       0       0       0       0       0       0
Total ram usage:       16 bytes
 Hardware stack levels used:    1
 Hardware stack levels required when called:    8
 This function calls:
		_LCD_String_xy
		___lwdiv
		___lwmod
		_sprintf
 This function is called by:
		_right
		_left
		_forward
		_backward
 This function uses a non-reentrant model


 *************** function _sprintf *****************
 Defined at:
		line 9 in file "/Applications/microchip/xc8/v2.00/pic/sources/c99/common/nf_sprintf.c"
 Parameters:    Size  Location     Type
  s               2   85[COMRAM] PTR unsigned char 
		 -> BinToASCII@str(3), 
  fmt             2   87[COMRAM] PTR const unsigned char 
		 -> STR_1(16), 
 Auto vars:     Size  Location     Type
  f               6    4[BANK0 ] struct _IO_FILE
  ap              2    2[BANK0 ] PTR void [1]
		 -> ?_sprintf(2), 
  ret             2    0[BANK0 ] int 
 Return value:  Size  Location     Type
                  2   85[COMRAM] int 
 Registers used:
		wreg, fsr1l, fsr1h, fsr2l, fsr2h, status,2, status,0, tblptrl, tblptrh, tblptru, cstack
 Tracked objects:
		On entry : 
		On exit  : 
		Unchanged: 
 Data sizes:     COMRAM   BANK0   BANK1   BANK2   BANK3   BANK4   BANK5   BANK6   BANK7
      Params:        10       0       0       0       0       0       0       0       0
      Locals:         0      10       0       0       0       0       0       0       0
      Temps:          0       0       0       0       0       0       0       0       0
      Totals:        10      10       0       0       0       0       0       0       0
Total ram usage:       20 bytes
 Hardware stack levels used:    1
 Hardware stack levels required when called:    7
 This function calls:
		_vfprintf
 This function is called by:
		_BinToASCII
 This function uses a non-reentrant model


 *************** function _vfprintf *****************
 Defined at:
		line 1368 in file "/Applications/microchip/xc8/v2.00/pic/sources/c99/common/doprnt.c"
 Parameters:    Size  Location     Type
  fp              2   77[COMRAM] PTR struct _IO_FILE
		 -> sprintf@f(6), 
  fmt             2   79[COMRAM] PTR const unsigned char 
		 -> STR_1(16), 
  ap              2   81[COMRAM] PTR PTR void 
		 -> sprintf@ap(2), 
 Auto vars:     Size  Location     Type
  cfmt            2   83[COMRAM] PTR unsigned char 
		 -> STR_1(16), 
 Return value:  Size  Location     Type
                  2   77[COMRAM] int 
 Registers used:
		wreg, fsr1l, fsr1h, fsr2l, fsr2h, status,2, status,0, tblptrl, tblptrh, tblptru, cstack
 Tracked objects:
		On entry : 
		On exit  : 
		Unchanged: 
 Data sizes:     COMRAM   BANK0   BANK1   BANK2   BANK3   BANK4   BANK5   BANK6   BANK7
      Params:         6       0       0       0       0       0       0       0       0
      Locals:         2       0       0       0       0       0       0       0       0
      Temps:          0       0       0       0       0       0       0       0       0
      Totals:         8       0       0       0       0       0       0       0       0
Total ram usage:        8 bytes
 Hardware stack levels used:    1
 Hardware stack levels required when called:    6
 This function calls:
		_vfpfcnvrt
 This function is called by:
		_sprintf
 This function uses a non-reentrant model


 *************** function _vfpfcnvrt *****************
 Defined at:
		line 670 in file "/Applications/microchip/xc8/v2.00/pic/sources/c99/common/doprnt.c"
 Parameters:    Size  Location     Type
  fp              2   59[COMRAM] PTR struct _IO_FILE
		 -> sprintf@f(6), 
  fmt             2   61[COMRAM] PTR PTR unsigned char 
		 -> vfprintf@cfmt(2), 
  ap              2   63[COMRAM] PTR PTR void 
		 -> sprintf@ap(2), 
 Auto vars:     Size  Location     Type
  llu             8   69[COMRAM] unsigned long long 
  ll              8    0        long long 
  f               4    0        long long 
  vp              3    0        PTR void 
  ct              3    0        unsigned char [3]
  cp              3    0        PTR unsigned char 
  i               2    0        int 
  done            2    0        int 
  c               1    0        unsigned char 
 Return value:  Size  Location     Type
                  2   59[COMRAM] int 
 Registers used:
		wreg, fsr1l, fsr1h, fsr2l, fsr2h, status,2, status,0, tblptrl, tblptrh, tblptru, cstack
 Tracked objects:
		On entry : 
		On exit  : 
		Unchanged: 
 Data sizes:     COMRAM   BANK0   BANK1   BANK2   BANK3   BANK4   BANK5   BANK6   BANK7
      Params:         6       0       0       0       0       0       0       0       0
      Locals:         8       0       0       0       0       0       0       0       0
      Temps:          4       0       0       0       0       0       0       0       0
      Totals:        18       0       0       0       0       0       0       0       0
Total ram usage:       18 bytes
 Hardware stack levels used:    1
 Hardware stack levels required when called:    5
 This function calls:
		_fputc
		_utoa
 This function is called by:
		_vfprintf
 This function uses a non-reentrant model


 *************** function _utoa *****************
 Defined at:
		line 593 in file "/Applications/microchip/xc8/v2.00/pic/sources/c99/common/doprnt.c"
 Parameters:    Size  Location     Type
  fp              2   27[COMRAM] PTR struct _IO_FILE
		 -> sprintf@f(6), 
  d               8   29[COMRAM] unsigned long long 
 Auto vars:     Size  Location     Type
  n               8   49[COMRAM] unsigned long long 
  i               2   57[COMRAM] int 
  w               2   47[COMRAM] int 
  p               2   45[COMRAM] int 
 Return value:  Size  Location     Type
                  2   27[COMRAM] int 
 Registers used:
		wreg, fsr1l, fsr1h, fsr2l, fsr2h, status,2, status,0, cstack
 Tracked objects:
		On entry : 
		On exit  : 
		Unchanged: 
 Data sizes:     COMRAM   BANK0   BANK1   BANK2   BANK3   BANK4   BANK5   BANK6   BANK7
      Params:        10       0       0       0       0       0       0       0       0
      Locals:        14       0       0       0       0       0       0       0       0
      Temps:          8       0       0       0       0       0       0       0       0
      Totals:        32       0       0       0       0       0       0       0       0
Total ram usage:       32 bytes
 Hardware stack levels used:    1
 Hardware stack levels required when called:    4
 This function calls:
		___lodiv
		___lomod
		_pad
 This function is called by:
		_vfpfcnvrt
 This function uses a non-reentrant model


 *************** function _pad *****************
 Defined at:
		line 72 in file "/Applications/microchip/xc8/v2.00/pic/sources/c99/common/doprnt.c"
 Parameters:    Size  Location     Type
  fp              2   16[COMRAM] PTR struct _IO_FILE
		 -> sprintf@f(6), 
  buf             2   18[COMRAM] PTR unsigned char 
		 -> dbuf(32), 
  p               2   20[COMRAM] int 
 Auto vars:     Size  Location     Type
  w               2   25[COMRAM] int 
  i               2   23[COMRAM] int 
 Return value:  Size  Location     Type
                  2   16[COMRAM] int 
 Registers used:
		wreg, fsr1l, fsr1h, fsr2l, fsr2h, status,2, status,0, cstack
 Tracked objects:
		On entry : 
		On exit  : 
		Unchanged: 
 Data sizes:     COMRAM   BANK0   BANK1   BANK2   BANK3   BANK4   BANK5   BANK6   BANK7
      Params:         6       0       0       0       0       0       0       0       0
      Locals:         4       0       0       0       0       0       0       0       0
      Temps:          1       0       0       0       0       0       0       0       0
      Totals:        11       0       0       0       0       0       0       0       0
Total ram usage:       11 bytes
 Hardware stack levels used:    1
 Hardware stack levels required when called:    3
 This function calls:
		_fputc
		_fputs
		_strlen
 This function is called by:
		_utoa
 This function uses a non-reentrant model


 *************** function _strlen *****************
 Defined at:
		line 12 in file "/Applications/microchip/xc8/v2.00/pic/sources/c99/common/strlen.c"
 Parameters:    Size  Location     Type
  s               2    0[COMRAM] PTR const unsigned char 
		 -> dbuf(32), 
 Auto vars:     Size  Location     Type
  a               2    4[COMRAM] PTR const unsigned char 
		 -> dbuf(32), 
 Return value:  Size  Location     Type
                  2    0[COMRAM] unsigned int 
 Registers used:
		wreg, fsr2l, fsr2h, status,2, status,0
 Tracked objects:
		On entry : 
		On exit  : 
		Unchanged: 
 Data sizes:     COMRAM   BANK0   BANK1   BANK2   BANK3   BANK4   BANK5   BANK6   BANK7
      Params:         2       0       0       0       0       0       0       0       0
      Locals:         2       0       0       0       0       0       0       0       0
      Temps:          2       0       0       0       0       0       0       0       0
      Totals:         6       0       0       0       0       0       0       0       0
Total ram usage:        6 bytes
 Hardware stack levels used:    1
 This function calls:
		Nothing
 This function is called by:
		_pad
 This function uses a non-reentrant model


 *************** function _fputs *****************
 Defined at:
		line 8 in file "/Applications/microchip/xc8/v2.00/pic/sources/c99/common/nf_fputs.c"
 Parameters:    Size  Location     Type
  s               2    9[COMRAM] PTR const unsigned char 
		 -> dbuf(32), 
  fp              2   11[COMRAM] PTR struct _IO_FILE
		 -> sprintf@f(6), 
 Auto vars:     Size  Location     Type
  i               2   14[COMRAM] int 
  c               1   13[COMRAM] unsigned char 
 Return value:  Size  Location     Type
                  2    9[COMRAM] int 
 Registers used:
		wreg, fsr1l, fsr1h, fsr2l, fsr2h, status,2, status,0, cstack
 Tracked objects:
		On entry : 
		On exit  : 
		Unchanged: 
 Data sizes:     COMRAM   BANK0   BANK1   BANK2   BANK3   BANK4   BANK5   BANK6   BANK7
      Params:         4       0       0       0       0       0       0       0       0
      Locals:         3       0       0       0       0       0       0       0       0
      Temps:          0       0       0       0       0       0       0       0       0
      Totals:         7       0       0       0       0       0       0       0       0
Total ram usage:        7 bytes
 Hardware stack levels used:    1
 Hardware stack levels required when called:    2
 This function calls:
		_fputc
 This function is called by:
		_pad
 This function uses a non-reentrant model


 *************** function _fputc *****************
 Defined at:
		line 8 in file "/Applications/microchip/xc8/v2.00/pic/sources/c99/common/nf_fputc.c"
 Parameters:    Size  Location     Type
  c               2    0[COMRAM] int 
  fp              2    2[COMRAM] PTR struct _IO_FILE
		 -> sprintf@f(6), 
 Auto vars:     Size  Location     Type
		None
 Return value:  Size  Location     Type
                  2    0[COMRAM] int 
 Registers used:
		wreg, fsr1l, fsr1h, fsr2l, fsr2h, status,2, status,0, cstack
 Tracked objects:
		On entry : 
		On exit  : 
		Unchanged: 
 Data sizes:     COMRAM   BANK0   BANK1   BANK2   BANK3   BANK4   BANK5   BANK6   BANK7
      Params:         4       0       0       0       0       0       0       0       0
      Locals:         0       0       0       0       0       0       0       0       0
      Temps:          5       0       0       0       0       0       0       0       0
      Totals:         9       0       0       0       0       0       0       0       0
Total ram usage:        9 bytes
 Hardware stack levels used:    1
 Hardware stack levels required when called:    1
 This function calls:
		_putch
 This function is called by:
		_pad
		_vfpfcnvrt
		_fputs
 This function uses a non-reentrant model


 *************** function _putch *****************
 Defined at:
		line 7 in file "/Applications/microchip/xc8/v2.00/pic/sources/c99/common/putch.c"
 Parameters:    Size  Location     Type
  c               1    wreg     unsigned char 
 Auto vars:     Size  Location     Type
  c               1    0[COMRAM] unsigned char 
 Return value:  Size  Location     Type
                  1    wreg      void 
 Registers used:
		wreg
 Tracked objects:
		On entry : 
		On exit  : 
		Unchanged: 
 Data sizes:     COMRAM   BANK0   BANK1   BANK2   BANK3   BANK4   BANK5   BANK6   BANK7
      Params:         0       0       0       0       0       0       0       0       0
      Locals:         0       0       0       0       0       0       0       0       0
      Temps:          0       0       0       0       0       0       0       0       0
      Totals:         0       0       0       0       0       0       0       0       0
Total ram usage:        0 bytes
 Hardware stack levels used:    1
 This function calls:
		Nothing
 This function is called by:
		_fputc
 This function uses a non-reentrant model


 *************** function ___lomod *****************
 Defined at:
		line 9 in file "/Applications/microchip/xc8/v2.00/pic/sources/c99/common/lomod.c"
 Parameters:    Size  Location     Type
  dividend        8    0[COMRAM] unsigned long long 
  divisor         8    8[COMRAM] unsigned long long 
 Auto vars:     Size  Location     Type
  counter         1   16[COMRAM] unsigned char 
 Return value:  Size  Location     Type
                  8    0[COMRAM] unsigned long long 
 Registers used:
		wreg, status,2, status,0
 Tracked objects:
		On entry : 
		On exit  : 
		Unchanged: 
 Data sizes:     COMRAM   BANK0   BANK1   BANK2   BANK3   BANK4   BANK5   BANK6   BANK7
      Params:        16       0       0       0       0       0       0       0       0
      Locals:         1       0       0       0       0       0       0       0       0
      Temps:          0       0       0       0       0       0       0       0       0
      Totals:        17       0       0       0       0       0       0       0       0
Total ram usage:       17 bytes
 Hardware stack levels used:    1
 This function calls:
		Nothing
 This function is called by:
		_utoa
 This function uses a non-reentrant model


 *************** function ___lodiv *****************
 Defined at:
		line 9 in file "/Applications/microchip/xc8/v2.00/pic/sources/c99/common/lodiv.c"
 Parameters:    Size  Location     Type
  dividend        8    0[COMRAM] unsigned long long 
  divisor         8    8[COMRAM] unsigned long long 
 Auto vars:     Size  Location     Type
  quotient        8   16[COMRAM] unsigned long long 
  counter         1   24[COMRAM] unsigned char 
 Return value:  Size  Location     Type
                  8    0[COMRAM] unsigned long long 
 Registers used:
		wreg, fsr2l, fsr2h, status,2, status,0
 Tracked objects:
		On entry : 
		On exit  : 
		Unchanged: 
 Data sizes:     COMRAM   BANK0   BANK1   BANK2   BANK3   BANK4   BANK5   BANK6   BANK7
      Params:        16       0       0       0       0       0       0       0       0
      Locals:         9       0       0       0       0       0       0       0       0
      Temps:          0       0       0       0       0       0       0       0       0
      Totals:        25       0       0       0       0       0       0       0       0
Total ram usage:       25 bytes
 Hardware stack levels used:    1
 This function calls:
		Nothing
 This function is called by:
		_utoa
 This function uses a non-reentrant model


 *************** function ___lwmod *****************
 Defined at:
		line 7 in file "/Applications/microchip/xc8/v2.00/pic/sources/c99/common/lwmod.c"
 Parameters:    Size  Location     Type
  dividend        2    0[COMRAM] unsigned int 
  divisor         2    2[COMRAM] unsigned int 
 Auto vars:     Size  Location     Type
  counter         1    4[COMRAM] unsigned char 
 Return value:  Size  Location     Type
                  2    0[COMRAM] unsigned int 
 Registers used:
		wreg, status,2, status,0
 Tracked objects:
		On entry : 
		On exit  : 
		Unchanged: 
 Data sizes:     COMRAM   BANK0   BANK1   BANK2   BANK3   BANK4   BANK5   BANK6   BANK7
      Params:         4       0       0       0       0       0       0       0       0
      Locals:         1       0       0       0       0       0       0       0       0
      Temps:          0       0       0       0       0       0       0       0       0
      Totals:         5       0       0       0       0       0       0       0       0
Total ram usage:        5 bytes
 Hardware stack levels used:    1
 This function calls:
		Nothing
 This function is called by:
		_BinToASCII
 This function uses a non-reentrant model


 *************** function ___lwdiv *****************
 Defined at:
		line 7 in file "/Applications/microchip/xc8/v2.00/pic/sources/c99/common/lwdiv.c"
 Parameters:    Size  Location     Type
  dividend        2    0[COMRAM] unsigned int 
  divisor         2    2[COMRAM] unsigned int 
 Auto vars:     Size  Location     Type
  quotient        2    4[COMRAM] unsigned int 
  counter         1    6[COMRAM] unsigned char 
 Return value:  Size  Location     Type
                  2    0[COMRAM] unsigned int 
 Registers used:
		wreg, status,2, status,0
 Tracked objects:
		On entry : 
		On exit  : 
		Unchanged: 
 Data sizes:     COMRAM   BANK0   BANK1   BANK2   BANK3   BANK4   BANK5   BANK6   BANK7
      Params:         4       0       0       0       0       0       0       0       0
      Locals:         3       0       0       0       0       0       0       0       0
      Temps:          0       0       0       0       0       0       0       0       0
      Totals:         7       0       0       0       0       0       0       0       0
Total ram usage:        7 bytes
 Hardware stack levels used:    1
 This function calls:
		Nothing
 This function is called by:
		_BinToASCII
 This function uses a non-reentrant model


 *************** function _LCD_String_xy *****************
 Defined at:
		line 131 in file "rover.c"
 Parameters:    Size  Location     Type
  row             1    wreg     unsigned char 
  pos             1   10[COMRAM] unsigned char 
  msg             2   11[COMRAM] PTR const unsigned char 
		 -> STR_5(11), STR_4(11), STR_3(10), STR_2(11), 
		 -> BinToASCII@str(3), 
 Auto vars:     Size  Location     Type
  row             1   13[COMRAM] unsigned char 
  location        1   14[COMRAM] unsigned char 
 Return value:  Size  Location     Type
                  1    wreg      void 
 Registers used:
		wreg, fsr1l, fsr1h, status,2, status,0, tblptrl, tblptrh, tblptru, cstack
 Tracked objects:
		On entry : 
		On exit  : 
		Unchanged: 
 Data sizes:     COMRAM   BANK0   BANK1   BANK2   BANK3   BANK4   BANK5   BANK6   BANK7
      Params:         3       0       0       0       0       0       0       0       0
      Locals:         2       0       0       0       0       0       0       0       0
      Temps:          0       0       0       0       0       0       0       0       0
      Totals:         5       0       0       0       0       0       0       0       0
Total ram usage:        5 bytes
 Hardware stack levels used:    1
 Hardware stack levels required when called:    3
 This function calls:
		_LCD_Command
		_LCD_String
 This function is called by:
		_BinToASCII
		_right
		_left
		_forward
		_backward
 This function uses a non-reentrant model


 *************** function _LCD_String *****************
 Defined at:
		line 122 in file "rover.c"
 Parameters:    Size  Location     Type
  msg             2    8[COMRAM] PTR const unsigned char 
		 -> STR_5(11), STR_4(11), STR_3(10), STR_2(11), 
		 -> BinToASCII@str(3), 
 Auto vars:     Size  Location     Type
		None
 Return value:  Size  Location     Type
                  1    wreg      void 
 Registers used:
		wreg, fsr1l, fsr1h, status,2, status,0, tblptrl, tblptrh, tblptru, cstack
 Tracked objects:
		On entry : 
		On exit  : 
		Unchanged: 
 Data sizes:     COMRAM   BANK0   BANK1   BANK2   BANK3   BANK4   BANK5   BANK6   BANK7
      Params:         2       0       0       0       0       0       0       0       0
      Locals:         0       0       0       0       0       0       0       0       0
      Temps:          0       0       0       0       0       0       0       0       0
      Totals:         2       0       0       0       0       0       0       0       0
Total ram usage:        2 bytes
 Hardware stack levels used:    1
 Hardware stack levels required when called:    2
 This function calls:
		_LCD_Char
 This function is called by:
		_LCD_String_xy
 This function uses a non-reentrant model


 *************** function _LCD_Char *****************
 Defined at:
		line 107 in file "rover.c"
 Parameters:    Size  Location     Type
  dat             1    wreg     unsigned char 
 Auto vars:     Size  Location     Type
  dat             1    7[COMRAM] unsigned char 
 Return value:  Size  Location     Type
                  1    wreg      void 
 Registers used:
		wreg, status,2, status,0, cstack
 Tracked objects:
		On entry : 
		On exit  : 
		Unchanged: 
 Data sizes:     COMRAM   BANK0   BANK1   BANK2   BANK3   BANK4   BANK5   BANK6   BANK7
      Params:         0       0       0       0       0       0       0       0       0
      Locals:         1       0       0       0       0       0       0       0       0
      Temps:          1       0       0       0       0       0       0       0       0
      Totals:         2       0       0       0       0       0       0       0       0
Total ram usage:        2 bytes
 Hardware stack levels used:    1
 Hardware stack levels required when called:    1
 This function calls:
		_MSdelay
 This function is called by:
		_LCD_String
 This function uses a non-reentrant model


 *************** function _USART_SendString *****************
 Defined at:
		line 69 in file "rover.c"
 Parameters:    Size  Location     Type
  out             2    1[COMRAM] PTR const unsigned char 
		 -> STR_6(10), 
 Auto vars:     Size  Location     Type
		None
 Return value:  Size  Location     Type
                  1    wreg      void 
 Registers used:
		wreg, status,2, status,0, tblptrl, tblptrh, tblptru, cstack
 Tracked objects:
		On entry : 
		On exit  : 
		Unchanged: 
 Data sizes:     COMRAM   BANK0   BANK1   BANK2   BANK3   BANK4   BANK5   BANK6   BANK7
      Params:         2       0       0       0       0       0       0       0       0
      Locals:         0       0       0       0       0       0       0       0       0
      Temps:          0       0       0       0       0       0       0       0       0
      Totals:         2       0       0       0       0       0       0       0       0
Total ram usage:        2 bytes
 Hardware stack levels used:    1
 Hardware stack levels required when called:    1
 This function calls:
		_USART_TransmitChar
 This function is called by:
		_main
 This function uses a non-reentrant model


 *************** function _USART_TransmitChar *****************
 Defined at:
		line 55 in file "rover.c"
 Parameters:    Size  Location     Type
  out             1    wreg     unsigned char 
 Auto vars:     Size  Location     Type
  out             1    0[COMRAM] unsigned char 
 Return value:  Size  Location     Type
                  1    wreg      void 
 Registers used:
		wreg
 Tracked objects:
		On entry : 
		On exit  : 
		Unchanged: 
 Data sizes:     COMRAM   BANK0   BANK1   BANK2   BANK3   BANK4   BANK5   BANK6   BANK7
      Params:         0       0       0       0       0       0       0       0       0
      Locals:         1       0       0       0       0       0       0       0       0
      Temps:          0       0       0       0       0       0       0       0       0
      Totals:         1       0       0       0       0       0       0       0       0
Total ram usage:        1 bytes
 Hardware stack levels used:    1
 This function calls:
		Nothing
 This function is called by:
		_USART_SendString
 This function uses a non-reentrant model


 *************** function _USART_ReceiveChar *****************
 Defined at:
		line 62 in file "rover.c"
 Parameters:    Size  Location     Type
		None
 Auto vars:     Size  Location     Type
		None
 Return value:  Size  Location     Type
                  1    wreg      unsigned char 
 Registers used:
		wreg, status,2
 Tracked objects:
		On entry : 
		On exit  : 
		Unchanged: 
 Data sizes:     COMRAM   BANK0   BANK1   BANK2   BANK3   BANK4   BANK5   BANK6   BANK7
      Params:         0       0       0       0       0       0       0       0       0
      Locals:         0       0       0       0       0       0       0       0       0
      Temps:          0       0       0       0       0       0       0       0       0
      Totals:         0       0       0       0       0       0       0       0       0
Total ram usage:        0 bytes
 Hardware stack levels used:    1
 This function calls:
		Nothing
 This function is called by:
		_main
 This function uses a non-reentrant model


 *************** function _USART_Init *****************
 Defined at:
		line 44 in file "rover.c"
 Parameters:    Size  Location     Type
  baud_rate       4   59[COMRAM] long 
 Auto vars:     Size  Location     Type
  temp            4   63[COMRAM] float 
 Return value:  Size  Location     Type
                  1    wreg      void 
 Registers used:
		wreg, status,2, status,0, cstack
 Tracked objects:
		On entry : 
		On exit  : 
		Unchanged: 
 Data sizes:     COMRAM   BANK0   BANK1   BANK2   BANK3   BANK4   BANK5   BANK6   BANK7
      Params:         4       0       0       0       0       0       0       0       0
      Locals:         4       0       0       0       0       0       0       0       0
      Temps:          0       0       0       0       0       0       0       0       0
      Totals:         8       0       0       0       0       0       0       0       0
Total ram usage:        8 bytes
 Hardware stack levels used:    1
 Hardware stack levels required when called:    1
 This function calls:
		___fladd
		___fldiv
		___fltol
		___xxtofl
 This function is called by:
		_main
 This function uses a non-reentrant model


 *************** function ___xxtofl *****************
 Defined at:
		line 10 in file "/Applications/microchip/xc8/v2.00/pic/sources/c99/common/xxtofl.c"
 Parameters:    Size  Location     Type
  sign            1    wreg     unsigned char 
  val             4    0[COMRAM] long 
 Auto vars:     Size  Location     Type
  sign            1    8[COMRAM] unsigned char 
  arg             4   10[COMRAM] unsigned long 
  exp             1    9[COMRAM] unsigned char 
 Return value:  Size  Location     Type
                  4    0[COMRAM] unsigned char 
 Registers used:
		wreg, status,2, status,0
 Tracked objects:
		On entry : 
		On exit  : 
		Unchanged: 
 Data sizes:     COMRAM   BANK0   BANK1   BANK2   BANK3   BANK4   BANK5   BANK6   BANK7
      Params:         4       0       0       0       0       0       0       0       0
      Locals:         6       0       0       0       0       0       0       0       0
      Temps:          4       0       0       0       0       0       0       0       0
      Totals:        14       0       0       0       0       0       0       0       0
Total ram usage:       14 bytes
 Hardware stack levels used:    1
 This function calls:
		Nothing
 This function is called by:
		_USART_Init
 This function uses a non-reentrant model


 *************** function ___fltol *****************
 Defined at:
		line 43 in file "/Applications/microchip/xc8/v2.00/pic/sources/c99/common/fltol.c"
 Parameters:    Size  Location     Type
  f1              4    0[COMRAM] unsigned char 
 Auto vars:     Size  Location     Type
  exp1            1    9[COMRAM] unsigned char 
  sign1           1    8[COMRAM] unsigned char 
 Return value:  Size  Location     Type
                  4    0[COMRAM] long 
 Registers used:
		wreg, status,2, status,0
 Tracked objects:
		On entry : 
		On exit  : 
		Unchanged: 
 Data sizes:     COMRAM   BANK0   BANK1   BANK2   BANK3   BANK4   BANK5   BANK6   BANK7
      Params:         4       0       0       0       0       0       0       0       0
      Locals:         2       0       0       0       0       0       0       0       0
      Temps:          4       0       0       0       0       0       0       0       0
      Totals:        10       0       0       0       0       0       0       0       0
Total ram usage:       10 bytes
 Hardware stack levels used:    1
 This function calls:
		Nothing
 This function is called by:
		_USART_Init
 This function uses a non-reentrant model


 *************** function ___fldiv *****************
 Defined at:
		line 11 in file "/Applications/microchip/xc8/v2.00/pic/sources/c99/common/sprcdiv.c"
 Parameters:    Size  Location     Type
  b               4   14[COMRAM] long 
  a               4   18[COMRAM] long 
 Auto vars:     Size  Location     Type
  grs             4   33[COMRAM] unsigned long 
  rem             4   26[COMRAM] unsigned long 
  new_exp         2   31[COMRAM] short 
  aexp            1   38[COMRAM] unsigned char 
  bexp            1   37[COMRAM] unsigned char 
  sign            1   30[COMRAM] unsigned char 
 Return value:  Size  Location     Type
                  4   14[COMRAM] unsigned char 
 Registers used:
		wreg, status,2, status,0
 Tracked objects:
		On entry : 
		On exit  : 
		Unchanged: 
 Data sizes:     COMRAM   BANK0   BANK1   BANK2   BANK3   BANK4   BANK5   BANK6   BANK7
      Params:         8       0       0       0       0       0       0       0       0
      Locals:        13       0       0       0       0       0       0       0       0
      Temps:          4       0       0       0       0       0       0       0       0
      Totals:        25       0       0       0       0       0       0       0       0
Total ram usage:       25 bytes
 Hardware stack levels used:    1
 This function calls:
		Nothing
 This function is called by:
		_USART_Init
 This function uses a non-reentrant model


 *************** function ___fladd *****************
 Defined at:
		line 10 in file "/Applications/microchip/xc8/v2.00/pic/sources/c99/common/sprcadd.c"
 Parameters:    Size  Location     Type
  b               4   39[COMRAM] unsigned char 
  a               4   43[COMRAM] unsigned char 
 Auto vars:     Size  Location     Type
  grs             1   58[COMRAM] unsigned char 
  bexp            1   57[COMRAM] unsigned char 
  aexp            1   56[COMRAM] unsigned char 
  signs           1   55[COMRAM] unsigned char 
 Return value:  Size  Location     Type
                  4   39[COMRAM] unsigned char 
 Registers used:
		wreg, status,2, status,0
 Tracked objects:
		On entry : 
		On exit  : 
		Unchanged: 
 Data sizes:     COMRAM   BANK0   BANK1   BANK2   BANK3   BANK4   BANK5   BANK6   BANK7
      Params:         8       0       0       0       0       0       0       0       0
      Locals:         4       0       0       0       0       0       0       0       0
      Temps:          8       0       0       0       0       0       0       0       0
      Totals:        20       0       0       0       0       0       0       0       0
Total ram usage:       20 bytes
 Hardware stack levels used:    1
 This function calls:
		Nothing
 This function is called by:
		_USART_Init
 This function uses a non-reentrant model


 *************** function _LCD_Init *****************
 Defined at:
		line 79 in file "rover.c"
 Parameters:    Size  Location     Type
		None
 Auto vars:     Size  Location     Type
		None
 Return value:  Size  Location     Type
                  1    wreg      void 
 Registers used:
		wreg, status,2, status,0, cstack
 Tracked objects:
		On entry : 
		On exit  : 
		Unchanged: 
 Data sizes:     COMRAM   BANK0   BANK1   BANK2   BANK3   BANK4   BANK5   BANK6   BANK7
      Params:         0       0       0       0       0       0       0       0       0
      Locals:         0       0       0       0       0       0       0       0       0
      Temps:          0       0       0       0       0       0       0       0       0
      Totals:         0       0       0       0       0       0       0       0       0
Total ram usage:        0 bytes
 Hardware stack levels used:    1
 Hardware stack levels required when called:    2
 This function calls:
		_LCD_Command
		_MSdelay
 This function is called by:
		_main
 This function uses a non-reentrant model


 *************** function _LCD_Command *****************
 Defined at:
		line 92 in file "rover.c"
 Parameters:    Size  Location     Type
  cmd             1    wreg     unsigned char 
 Auto vars:     Size  Location     Type
  cmd             1    7[COMRAM] unsigned char 
 Return value:  Size  Location     Type
                  1    wreg      void 
 Registers used:
		wreg, status,2, status,0, cstack
 Tracked objects:
		On entry : 
		On exit  : 
		Unchanged: 
 Data sizes:     COMRAM   BANK0   BANK1   BANK2   BANK3   BANK4   BANK5   BANK6   BANK7
      Params:         0       0       0       0       0       0       0       0       0
      Locals:         1       0       0       0       0       0       0       0       0
      Temps:          1       0       0       0       0       0       0       0       0
      Totals:         2       0       0       0       0       0       0       0       0
Total ram usage:        2 bytes
 Hardware stack levels used:    1
 Hardware stack levels required when called:    1
 This function calls:
		_MSdelay
 This function is called by:
		_LCD_Init
		_LCD_String_xy
		_LCD_Clear
 This function uses a non-reentrant model


 *************** function _MSdelay *****************
 Defined at:
		line 155 in file "rover.c"
 Parameters:    Size  Location     Type
  val             2    0[COMRAM] unsigned int 
 Auto vars:     Size  Location     Type
  j               2    4[COMRAM] unsigned int 
  i               2    2[COMRAM] unsigned int 
 Return value:  Size  Location     Type
                  1    wreg      void 
 Registers used:
		wreg, status,2, status,0
 Tracked objects:
		On entry : 
		On exit  : 
		Unchanged: 
 Data sizes:     COMRAM   BANK0   BANK1   BANK2   BANK3   BANK4   BANK5   BANK6   BANK7
      Params:         2       0       0       0       0       0       0       0       0
      Locals:         4       0       0       0       0       0       0       0       0
      Temps:          0       0       0       0       0       0       0       0       0
      Totals:         6       0       0       0       0       0       0       0       0
Total ram usage:        6 bytes
 Hardware stack levels used:    1
 This function calls:
		Nothing
 This function is called by:
		_LCD_Init
		_LCD_Command
		_LCD_Char
		_main
		_LCD_Clear
 This function uses a non-reentrant model



MODULE INFORMATION

Module		Function		Class		Link	Load	Size
/Applications/microchip/xc8/v2.00/pic/sources/c99/common/strlen.c
		_strlen        		CODE           	2446	0000	83

/Applications/microchip/xc8/v2.00/pic/sources/c99/common/strlen.c estimated size: 83

/Applications/microchip/xc8/v2.00/pic/sources/c99/common/sprcdiv.c
		___fldiv       		CODE           	0DCC	0000	1057

/Applications/microchip/xc8/v2.00/pic/sources/c99/common/sprcdiv.c estimated size: 1057

/Applications/microchip/xc8/v2.00/pic/sources/c99/common/lwmod.c
		___lwmod       		CODE           	2230	0000	121

/Applications/microchip/xc8/v2.00/pic/sources/c99/common/lwmod.c estimated size: 121

/Applications/microchip/xc8/v2.00/pic/sources/c99/common/putch.c
		_putch         		CODE           	2684	0000	3

/Applications/microchip/xc8/v2.00/pic/sources/c99/common/putch.c estimated size: 3

/Applications/microchip/xc8/v2.00/pic/sources/c99/common/nf_sprintf.c
		_sprintf       		CODE           	23E8	0000	95

/Applications/microchip/xc8/v2.00/pic/sources/c99/common/nf_sprintf.c estimated size: 95

/Applications/microchip/xc8/v2.00/pic/sources/c99/common/lodiv.c
		___lodiv       		CODE           	19F4	0000	261

/Applications/microchip/xc8/v2.00/pic/sources/c99/common/lodiv.c estimated size: 261

/Applications/microchip/xc8/v2.00/pic/sources/c99/common/nf_fputs.c
		_fputs         		CODE           	2498	0000	77

/Applications/microchip/xc8/v2.00/pic/sources/c99/common/nf_fputs.c estimated size: 77

/Applications/microchip/xc8/v2.00/pic/sources/c99/common/sprcadd.c
		___fladd       		CODE           	0848	0000	1413

/Applications/microchip/xc8/v2.00/pic/sources/c99/common/sprcadd.c estimated size: 1413

/Applications/microchip/xc8/v2.00/pic/sources/c99/common/lwdiv.c
		___lwdiv       		CODE           	21A8	0000	137

/Applications/microchip/xc8/v2.00/pic/sources/c99/common/lwdiv.c estimated size: 137

/Applications/microchip/xc8/v2.00/pic/sources/c99/common/doprnt.c
		_vfpfcnvrt     		CODE           	15EE	0000	423
		_pad           		CODE           	1CBA	0000	215
		_vfprintf      		CODE           	231C	0000	103
		_utoa          		CODE           	11EC	0000	551

/Applications/microchip/xc8/v2.00/pic/sources/c99/common/doprnt.c estimated size: 1292

/Applications/microchip/xc8/v2.00/pic/sources/c99/common/fltol.c
		___fltol       		CODE           	1794	0000	339

/Applications/microchip/xc8/v2.00/pic/sources/c99/common/fltol.c estimated size: 339

shared
		__initialization		CODE           	266E	0000	13

shared estimated size: 13

/Applications/microchip/xc8/v2.00/pic/sources/c99/common/nf_fputc.c
		_fputc         		CODE           	1BDC	0000	223

/Applications/microchip/xc8/v2.00/pic/sources/c99/common/nf_fputc.c estimated size: 223

rover.c
		_LCD_String    		CODE           	2382	0000	103
		_LCD_Init      		CODE           	2602	0000	49
		_USART_TransmitChar		CODE           	2632	0000	31
		_LCD_Command   		CODE           	2530	0000	77
		_LCD_String_xy 		CODE           	257C	0000	73
		_main          		CODE           	18E6	0000	271
		_forward       		CODE           	1FB4	0000	177
		_USART_ReceiveChar		CODE           	2650	0000	31
		_LCD_Char      		CODE           	24E4	0000	77
		_BinToASCII    		CODE           	1D90	0000	197
		_left          		CODE           	1F04	0000	177
		_MSdelay       		CODE           	22A8	0000	117
		_right         		CODE           	1E54	0000	177
		_backward      		CODE           	2064	0000	177
		_USART_SendString		CODE           	25C4	0000	63
		_USART_Init    		CODE           	2114	0000	149

rover.c estimated size: 1946

/Applications/microchip/xc8/v2.00/pic/sources/c99/common/lomod.c
		___lomod       		CODE           	1AF8	0000	229

/Applications/microchip/xc8/v2.00/pic/sources/c99/common/lomod.c estimated size: 229

/Applications/microchip/xc8/v2.00/pic/sources/c99/common/xxtofl.c
		___xxtofl      		CODE           	1412	0000	477

/Applications/microchip/xc8/v2.00/pic/sources/c99/common/xxtofl.c estimated size: 477

